MarkdownNode {
  "attr": {},
  "body": [
    BlockNode {
      "attr": {},
      "body": [
        InlineHeaderNode {
          "attr": {
            "level": 1,
          },
          "body": [
            TextNode {
              "attr": {},
              "body": undefined,
              "content": "你好",
              "tag": "text",
            },
            InlineCodeNode {
              "attr": {},
              "body": undefined,
              "content": "今天",
              "tag": "inline-code",
            },
          ],
          "content": undefined,
          "tag": "inline-header",
        },
      ],
      "content": undefined,
      "tag": "block",
    },
    BlockNode {
      "attr": {},
      "body": [
        InlineTextNode {
          "attr": {},
          "body": [
            TextNode {
              "attr": {},
              "body": undefined,
              "content": "好呀好呀",
              "tag": "text",
            },
          ],
          "content": undefined,
          "tag": "inline-text",
        },
      ],
      "content": undefined,
      "tag": "block",
    },
    BlockNode {
      "attr": {},
      "body": [
        InlineTextNode {
          "attr": {},
          "body": [
            TextNode {
              "attr": {},
              "body": undefined,
              "content": "好呀好呀",
              "tag": "text",
            },
          ],
          "content": undefined,
          "tag": "inline-text",
        },
      ],
      "content": undefined,
      "tag": "block",
    },
  ],
  "content": undefined,
  "tag": "markdown",
}